
> readquest-frontend@0.1.0 dev
> vite


  VITE v5.4.21  ready in 255 ms

  ➜  Local:   http://localhost:3000/
  ➜  Network: use --host to expose
11:01:43 PM [vite] http proxy error: /api/students
AggregateError [ECONNREFUSED]:
    at internalConnectMultiple (node:net:1134:18)
    at afterConnectMultiple (node:net:1715:7)
11:01:44 PM [vite] http proxy error: /api/rewards/xp
AggregateError [ECONNREFUSED]:
    at internalConnectMultiple (node:net:1134:18)
    at afterConnectMultiple (node:net:1715:7)
11:01:44 PM [vite] http proxy error: /api/stories
AggregateError [ECONNREFUSED]:
    at internalConnectMultiple (node:net:1134:18)
    at afterConnectMultiple (node:net:1715:7)
11:01:44 PM [vite] http proxy error: /api/rewards/xp
AggregateError [ECONNREFUSED]:
    at internalConnectMultiple (node:net:1134:18)
    at afterConnectMultiple (node:net:1715:7)
11:01:44 PM [vite] http proxy error: /api/stories
AggregateError [ECONNREFUSED]:
    at internalConnectMultiple (node:net:1134:18)
    at afterConnectMultiple (node:net:1715:7)
11:01:46 PM [vite] http proxy error: /api/stories/analyze-character
AggregateError [ECONNREFUSED]:
    at internalConnectMultiple (node:net:1134:18)
    at afterConnectMultiple (node:net:1715:7)
11:01:50 PM [vite] http proxy error: /api/stories/generate
AggregateError [ECONNREFUSED]:
    at internalConnectMultiple (node:net:1134:18)
    at afterConnectMultiple (node:net:1715:7)
11:04:01 PM [vite] http proxy error: /api/students
AggregateError [ECONNREFUSED]:
    at internalConnectMultiple (node:net:1134:18)
    at afterConnectMultiple (node:net:1715:7)
11:04:02 PM [vite] http proxy error: /api/rewards/xp
AggregateError [ECONNREFUSED]:
    at internalConnectMultiple (node:net:1134:18)
    at afterConnectMultiple (node:net:1715:7)
11:04:02 PM [vite] http proxy error: /api/stories
AggregateError [ECONNREFUSED]:
    at internalConnectMultiple (node:net:1134:18)
    at afterConnectMultiple (node:net:1715:7)
11:04:02 PM [vite] http proxy error: /api/rewards/xp
AggregateError [ECONNREFUSED]:
    at internalConnectMultiple (node:net:1134:18)
    at afterConnectMultiple (node:net:1715:7)
11:04:02 PM [vite] http proxy error: /api/stories
AggregateError [ECONNREFUSED]:
    at internalConnectMultiple (node:net:1134:18)
    at afterConnectMultiple (node:net:1715:7)
11:04:05 PM [vite] http proxy error: /api/stories/analyze-character
AggregateError [ECONNREFUSED]:
    at internalConnectMultiple (node:net:1134:18)
    at afterConnectMultiple (node:net:1715:7)
11:04:09 PM [vite] http proxy error: /api/stories/generate
AggregateError [ECONNREFUSED]:
    at internalConnectMultiple (node:net:1134:18)
    at afterConnectMultiple (node:net:1715:7)
11:07:33 PM [vite] http proxy error: /api/students
AggregateError [ECONNREFUSED]:
    at internalConnectMultiple (node:net:1134:18)
    at afterConnectMultiple (node:net:1715:7)
11:07:34 PM [vite] http proxy error: /api/rewards/xp
AggregateError [ECONNREFUSED]:
    at internalConnectMultiple (node:net:1134:18)
    at afterConnectMultiple (node:net:1715:7)
11:07:34 PM [vite] http proxy error: /api/stories
AggregateError [ECONNREFUSED]:
    at internalConnectMultiple (node:net:1134:18)
    at afterConnectMultiple (node:net:1715:7)
11:07:34 PM [vite] http proxy error: /api/rewards/xp
AggregateError [ECONNREFUSED]:
    at internalConnectMultiple (node:net:1134:18)
    at afterConnectMultiple (node:net:1715:7)
11:07:34 PM [vite] http proxy error: /api/stories
AggregateError [ECONNREFUSED]:
    at internalConnectMultiple (node:net:1134:18)
    at afterConnectMultiple (node:net:1715:7)
11:07:37 PM [vite] http proxy error: /api/stories/analyze-character
AggregateError [ECONNREFUSED]:
    at internalConnectMultiple (node:net:1134:18)
    at afterConnectMultiple (node:net:1715:7)
11:07:41 PM [vite] http proxy error: /api/stories/generate
AggregateError [ECONNREFUSED]:
    at internalConnectMultiple (node:net:1134:18)
    at afterConnectMultiple (node:net:1715:7)
11:10:39 PM [vite] http proxy error: /api/students
AggregateError [ECONNREFUSED]:
    at internalConnectMultiple (node:net:1134:18)
    at afterConnectMultiple (node:net:1715:7)
11:10:40 PM [vite] http proxy error: /api/rewards/xp
AggregateError [ECONNREFUSED]:
    at internalConnectMultiple (node:net:1134:18)
    at afterConnectMultiple (node:net:1715:7)
11:10:40 PM [vite] http proxy error: /api/stories
AggregateError [ECONNREFUSED]:
    at internalConnectMultiple (node:net:1134:18)
    at afterConnectMultiple (node:net:1715:7)
11:10:40 PM [vite] http proxy error: /api/rewards/xp
AggregateError [ECONNREFUSED]:
    at internalConnectMultiple (node:net:1134:18)
    at afterConnectMultiple (node:net:1715:7)
11:10:40 PM [vite] http proxy error: /api/stories
AggregateError [ECONNREFUSED]:
    at internalConnectMultiple (node:net:1134:18)
    at afterConnectMultiple (node:net:1715:7)
11:10:43 PM [vite] http proxy error: /api/stories/analyze-character
AggregateError [ECONNREFUSED]:
    at internalConnectMultiple (node:net:1134:18)
    at afterConnectMultiple (node:net:1715:7)
11:10:47 PM [vite] http proxy error: /api/stories/generate
AggregateError [ECONNREFUSED]:
    at internalConnectMultiple (node:net:1134:18)
    at afterConnectMultiple (node:net:1715:7)
11:13:55 PM [vite] http proxy error: /api/students
AggregateError [ECONNREFUSED]:
    at internalConnectMultiple (node:net:1134:18)
    at afterConnectMultiple (node:net:1715:7)
11:13:55 PM [vite] http proxy error: /api/rewards/xp
AggregateError [ECONNREFUSED]:
    at internalConnectMultiple (node:net:1134:18)
    at afterConnectMultiple (node:net:1715:7)
11:13:55 PM [vite] http proxy error: /api/stories
AggregateError [ECONNREFUSED]:
    at internalConnectMultiple (node:net:1134:18)
    at afterConnectMultiple (node:net:1715:7)
11:13:55 PM [vite] http proxy error: /api/rewards/xp
AggregateError [ECONNREFUSED]:
    at internalConnectMultiple (node:net:1134:18)
    at afterConnectMultiple (node:net:1715:7)
11:13:55 PM [vite] http proxy error: /api/stories
AggregateError [ECONNREFUSED]:
    at internalConnectMultiple (node:net:1134:18)
    at afterConnectMultiple (node:net:1715:7)
11:13:58 PM [vite] http proxy error: /api/stories/analyze-character
AggregateError [ECONNREFUSED]:
    at internalConnectMultiple (node:net:1134:18)
    at afterConnectMultiple (node:net:1715:7)
11:14:02 PM [vite] http proxy error: /api/stories/generate
AggregateError [ECONNREFUSED]:
    at internalConnectMultiple (node:net:1134:18)
    at afterConnectMultiple (node:net:1715:7)
11:23:05 PM [vite] hmr update /src/styles/rewards.css
11:24:16 PM [vite] http proxy error: /api/students
AggregateError [ECONNREFUSED]:
    at internalConnectMultiple (node:net:1134:18)
    at afterConnectMultiple (node:net:1715:7)
11:24:17 PM [vite] http proxy error: /api/rewards/xp
AggregateError [ECONNREFUSED]:
    at internalConnectMultiple (node:net:1134:18)
    at afterConnectMultiple (node:net:1715:7)
11:24:17 PM [vite] http proxy error: /api/stories
AggregateError [ECONNREFUSED]:
    at internalConnectMultiple (node:net:1134:18)
    at afterConnectMultiple (node:net:1715:7)
11:24:17 PM [vite] http proxy error: /api/rewards/xp
AggregateError [ECONNREFUSED]:
    at internalConnectMultiple (node:net:1134:18)
    at afterConnectMultiple (node:net:1715:7)
11:24:17 PM [vite] http proxy error: /api/stories
AggregateError [ECONNREFUSED]:
    at internalConnectMultiple (node:net:1134:18)
    at afterConnectMultiple (node:net:1715:7)
11:24:20 PM [vite] http proxy error: /api/stories/analyze-character
AggregateError [ECONNREFUSED]:
    at internalConnectMultiple (node:net:1134:18)
    at afterConnectMultiple (node:net:1715:7)
11:24:24 PM [vite] http proxy error: /api/stories/generate
AggregateError [ECONNREFUSED]:
    at internalConnectMultiple (node:net:1134:18)
    at afterConnectMultiple (node:net:1715:7)
